******************************************************************************
                  MSP430 Linker PC v21.6.1                     
******************************************************************************
>> Linked Fri Jul  4 21:03:48 2025

OUTPUT FILE NAME:   <P2P RX_TX.out>
ENTRY POINT SYMBOL: "_c_int00_noargs"  address: 0000caa6


MEMORY CONFIGURATION

         name            origin    length      used     unused   attr    fill
----------------------  --------  ---------  --------  --------  ----  --------
  SFR                   00000000   00000010  00000000  00000010  RWIX
  PERIPHERALS_8BIT      00000010   000000f0  00000000  000000f0  RWIX
  PERIPHERALS_16BIT     00000100   00000100  00000000  00000100  RWIX
  RAM                   00000200   00000200  000001b9  00000047  RWIX
  INFOD                 00001000   00000040  00000000  00000040  RWIX
  INFOC                 00001040   00000040  00000000  00000040  RWIX
  INFOB                 00001080   00000040  00000000  00000040  RWIX
  INFOA                 000010c0   00000040  00000000  00000040  RWIX
  FLASH                 0000c000   00003fde  00000dcc  00003212  RWIX
  BSLSIGNATURE          0000ffde   00000002  00000002  00000000  RWIX  ffff 
  INT00                 0000ffe0   00000002  00000002  00000000  RWIX
  INT01                 0000ffe2   00000002  00000000  00000002  RWIX
  INT02                 0000ffe4   00000002  00000002  00000000  RWIX
  INT03                 0000ffe6   00000002  00000002  00000000  RWIX
  INT04                 0000ffe8   00000002  00000000  00000002  RWIX
  INT05                 0000ffea   00000002  00000002  00000000  RWIX
  INT06                 0000ffec   00000002  00000002  00000000  RWIX
  INT07                 0000ffee   00000002  00000002  00000000  RWIX
  INT08                 0000fff0   00000002  00000002  00000000  RWIX
  INT09                 0000fff2   00000002  00000002  00000000  RWIX
  INT10                 0000fff4   00000002  00000002  00000000  RWIX
  INT11                 0000fff6   00000002  00000002  00000000  RWIX
  INT12                 0000fff8   00000002  00000002  00000000  RWIX
  INT13                 0000fffa   00000002  00000002  00000000  RWIX
  INT14                 0000fffc   00000002  00000002  00000000  RWIX
  RESET                 0000fffe   00000002  00000002  00000000  RWIX


SECTION ALLOCATION MAP

 output                                  attributes/
section   page    origin      length       input sections
--------  ----  ----------  ----------   ----------------
.bss       0    00000200    0000010f     UNINITIALIZED
                  00000200    00000100     (.common:message)
                  00000300    0000000a     (.common:local_id)
                  0000030a    00000002     rts430_eabi.lib : memory.c.obj (.bss)
                  0000030c    00000002     (.common:decoded_message)
                  0000030e    00000001     (.common:rxdone)

.data      0    00000360    0000000a     UNINITIALIZED
                  00000360    00000002     LoRa_P2P.obj (.data)
                  00000362    00000002     rts430_eabi.lib : _lock.c.obj (.data:_lock)
                  00000364    00000002                     : _lock.c.obj (.data:_unlock)
                  00000366    00000002                     : errno.c.obj (.data)
                  00000368    00000002                     : memory.c.obj (.data)

.sysmem    0    00000310    00000050     UNINITIALIZED
                  00000310    00000008     rts430_eabi.lib : memory.c.obj (.sysmem)
                  00000318    00000048     --HOLE--

.stack     0    000003b0    00000050     UNINITIALIZED
                  000003b0    00000002     rts430_eabi.lib : boot.c.obj (.stack)
                  000003b2    0000004e     --HOLE--

.text      0    0000c000    00000b98     
                  0000c000    00000212     rts430_eabi.lib : strtol.c.obj (.text:strtol)
                  0000c212    000000f6                     : memory.c.obj (.text:aligned_alloc)
                  0000c308    000000d2                     : memory.c.obj (.text:free)
                  0000c3da    000000d2     main.obj (.text:main)
                  0000c4ac    000000b0     LoRa_P2P.obj (.text:send_packet)
                  0000c55c    00000092     LoRa_P2P.obj (.text:hex_to_string)
                  0000c5ee    00000082     LoRa_P2P.obj (.text:check_response)
                  0000c670    0000007c     rts430_eabi.lib : copy_decompress_lzss.c.obj (.text:decompress:lzss:__TI_decompress_lzss)
                  0000c6ec    00000072     LoRa_P2P.obj (.text:send_at)
                  0000c75e    00000068     rts430_eabi.lib : memory.c.obj (.text:split)
                  0000c7c6    00000058                     : div32u.asm.obj (.text)
                  0000c81e    00000050     LoRa_P2P.obj (.text:get_id)
                  0000c86e    0000004c     rts430_eabi.lib : lsr16.asm.obj (.text)
                  0000c8ba    0000004a     sys_setup.obj (.text:init_sys)
                  0000c904    00000042     rts430_eabi.lib : autoinit.c.obj (.text:__TI_auto_init_nobinit_nopinit:__TI_auto_init_nobinit_nopinit)
                  0000c946    0000003a     sys_setup.obj (.text:init_gpio)
                  0000c980    00000036     rts430_eabi.lib : strstr.c.obj (.text:strstr)
                  0000c9b6    00000030     LoRa_P2P.obj (.text:USCI0RX_ISR_HOOK)
                  0000c9e6    0000002c     rts430_eabi.lib : lsl16.asm.obj (.text)
                  0000ca12    00000028                     : memory.c.obj (.text:free_list_insert)
                  0000ca3a    00000028     sys_setup.obj (.text:init_clock)
                  0000ca62    00000026     rts430_eabi.lib : mult32.asm.obj (.text)
                  0000ca88    0000001e     LoRa_P2P.obj (.text:init_p2p)
                  0000caa6    0000001c     rts430_eabi.lib : boot.c.obj (.text:_c_int00_noargs)
                  0000cac2    0000001c                     : memory.c.obj (.text:free_list_remove)
                  0000cade    0000001a                     : strcat.c.obj (.text:strcat)
                  0000caf8    00000018                     : strcmp.c.obj (.text:strcmp)
                  0000cb10    00000014                     : copy_zero_init.c.obj (.text:decompress:ZI:__TI_zero_init_nomemset:__TI_zero_init_nomemset)
                  0000cb24    00000014                     : memset.c.obj (.text:memset)
                  0000cb38    00000012                     : copy_decompress_none.c.obj (.text:decompress:none:__TI_decompress_none)
                  0000cb4a    00000012                     : memcpy.c.obj (.text:memcpy)
                  0000cb5c    00000010                     : epilog.asm.obj (.text)
                  0000cb6c    0000000e                     : strlen.c.obj (.text:strlen)
                  0000cb7a    00000008                     : isr_trap.asm.obj (.text:_isr:__TI_ISR_TRAP)
                  0000cb82    00000008                     : memory.c.obj (.text:malloc)
                  0000cb8a    00000006                     : exit.c.obj (.text:abort)
                  0000cb90    00000004                     : pre_init.c.obj (.text:_system_pre_init)
                  0000cb94    00000002                     : _lock.c.obj (.text:_nop)
                  0000cb96    00000002                     : startup.c.obj (.text:_system_post_cinit)

.const     0    0000cb98    00000214     
                  0000cb98    00000101     rts430_eabi.lib : ctype.c.obj (.const:.string:_ctypes_)
                  0000cc99    00000001     --HOLE-- [fill = 0]
                  0000cc9a    000000b4     LoRa_P2P.obj (.const:.string)
                  0000cd4e    0000005e     main.obj (.const:.string)

.cinit     0    0000cdac    00000020     
                  0000cdac    0000000e     (.cinit..data.load) [load image]
                  0000cdba    00000006     (__TI_handler_table)
                  0000cdc0    00000004     (.cinit..bss.load) [load image, compression = zero_init]
                  0000cdc4    00000008     (__TI_cinit_table)

.binit     0    0000c000    00000000     

.init_array 
*          0    0000c000    00000000     UNINITIALIZED

TRAPINT    0    0000ffe0    00000002     
                  0000ffe0    00000002     rts430_eabi.lib : int00.asm.obj (.int00)

PORT1      0    0000ffe4    00000002     
                  0000ffe4    00000002     rts430_eabi.lib : int02.asm.obj (.int02)

PORT2      0    0000ffe6    00000002     
                  0000ffe6    00000002     rts430_eabi.lib : int03.asm.obj (.int03)

ADC10      0    0000ffea    00000002     
                  0000ffea    00000002     rts430_eabi.lib : int05.asm.obj (.int05)

USCIAB0TX 
*          0    0000ffec    00000002     
                  0000ffec    00000002     rts430_eabi.lib : int06.asm.obj (.int06)

USCIAB0RX 
*          0    0000ffee    00000002     
                  0000ffee    00000002     LoRa_P2P.obj (.int07)

TIMER0_A1 
*          0    0000fff0    00000002     
                  0000fff0    00000002     rts430_eabi.lib : int08.asm.obj (.int08)

TIMER0_A0 
*          0    0000fff2    00000002     
                  0000fff2    00000002     rts430_eabi.lib : int09.asm.obj (.int09)

WDT        0    0000fff4    00000002     
                  0000fff4    00000002     rts430_eabi.lib : int10.asm.obj (.int10)

COMPARATORA 
*          0    0000fff6    00000002     
                  0000fff6    00000002     rts430_eabi.lib : int11.asm.obj (.int11)

TIMER1_A1 
*          0    0000fff8    00000002     
                  0000fff8    00000002     rts430_eabi.lib : int12.asm.obj (.int12)

TIMER1_A0 
*          0    0000fffa    00000002     
                  0000fffa    00000002     rts430_eabi.lib : int13.asm.obj (.int13)

NMI        0    0000fffc    00000002     
                  0000fffc    00000002     rts430_eabi.lib : int14.asm.obj (.int14)

.reset     0    0000fffe    00000002     
                  0000fffe    00000002     rts430_eabi.lib : boot.c.obj (.reset)

$fill000   0    0000ffde    00000002     
                  0000ffde    00000002     --HOLE-- [fill = ffff]

MODULE SUMMARY

       Module                       code   ro data   rw data
       ------                       ----   -------   -------
    .\
       LoRa_P2P.obj                 724    182       271    
       main.obj                     210    94        0      
       sys_setup.obj                172    0         0      
    +--+----------------------------+------+---------+---------+
       Total:                       1106   276       271    
                                                            
    D:\ti\ccs2011\ccs\tools\compiler\ti-cgt-msp430_21.6.1.LTS\lib\rts430_eabi.lib
       memory.c.obj                 636    0         4      
       strtol.c.obj                 530    0         0      
       ctype.c.obj                  0      257       0      
       copy_decompress_lzss.c.obj   124    0         0      
       div32u.asm.obj               88     0         0      
       lsr16.asm.obj                76     0         0      
       autoinit.c.obj               66     0         0      
       strstr.c.obj                 54     0         0      
       lsl16.asm.obj                44     0         0      
       mult32.asm.obj               38     0         0      
       boot.c.obj                   28     2         0      
       strcat.c.obj                 26     0         0      
       strcmp.c.obj                 24     0         0      
       copy_zero_init.c.obj         20     0         0      
       memset.c.obj                 20     0         0      
       copy_decompress_none.c.obj   18     0         0      
       memcpy.c.obj                 18     0         0      
       epilog.asm.obj               16     0         0      
       strlen.c.obj                 14     0         0      
       isr_trap.asm.obj             8      0         0      
       _lock.c.obj                  2      0         4      
       exit.c.obj                   6      0         0      
       pre_init.c.obj               4      0         0      
       errno.c.obj                  0      0         2      
       int00.asm.obj                0      2         0      
       int02.asm.obj                0      2         0      
       int03.asm.obj                0      2         0      
       int05.asm.obj                0      2         0      
       int06.asm.obj                0      2         0      
       int08.asm.obj                0      2         0      
       int09.asm.obj                0      2         0      
       int10.asm.obj                0      2         0      
       int11.asm.obj                0      2         0      
       int12.asm.obj                0      2         0      
       int13.asm.obj                0      2         0      
       int14.asm.obj                0      2         0      
       startup.c.obj                2      0         0      
    +--+----------------------------+------+---------+---------+
       Total:                       1862   283       10     
                                                            
       Heap:                        0      0         80     
       Stack:                       0      0         80     
       Linker Generated:            0      32        0      
    +--+----------------------------+------+---------+---------+
       Grand Total:                 2968   591       441    


LINKER GENERATED COPY TABLES

__TI_cinit_table @ 0000cdc4 records: 2, size/record: 4, table size: 8
	.data: load addr=0000cdac, load size=0000000e bytes, run addr=00000360, run size=0000000a bytes, compression=copy
	.bss: load addr=0000cdc0, load size=00000004 bytes, run addr=00000200, run size=0000010f bytes, compression=zero_init


LINKER GENERATED HANDLER TABLE

__TI_handler_table @ 0000cdba records: 3, size/record: 2, table size: 6
	index: 0, handler: __TI_zero_init
	index: 1, handler: __TI_decompress_lzss
	index: 2, handler: __TI_decompress_none


GLOBAL SYMBOLS: SORTED ALPHABETICALLY BY Name 

address   name                          
-------   ----                          
0000004a  ADC10AE0                      
000001b0  ADC10CTL0                     
000001b2  ADC10CTL1                     
00000048  ADC10DTC0                     
00000049  ADC10DTC1                     
000001b4  ADC10MEM                      
000001bc  ADC10SA                       
00000057  BCSCTL1                       
00000058  BCSCTL2                       
00000053  BCSCTL3                       
0000cb8a  C$$EXIT                       
00000059  CACTL1                        
0000005a  CACTL2                        
000010fb  CALBC1_12MHZ                  
000010f9  CALBC1_16MHZ                  
000010ff  CALBC1_1MHZ                   
000010fd  CALBC1_8MHZ                   
000010fa  CALDCO_12MHZ                  
000010f8  CALDCO_16MHZ                  
000010fe  CALDCO_1MHZ                   
000010fc  CALDCO_8MHZ                   
0000005b  CAPD                          
00000056  DCOCTL                        
00000128  FCTL1                         
0000012a  FCTL2                         
0000012c  FCTL3                         
00000000  IE1                           
00000001  IE2                           
00000002  IFG1                          
00000003  IFG2                          
00000022  P1DIR                         
00000025  P1IE                          
00000024  P1IES                         
00000023  P1IFG                         
00000020  P1IN                          
00000021  P1OUT                         
00000027  P1REN                         
00000026  P1SEL                         
00000041  P1SEL2                        
0000002a  P2DIR                         
0000002d  P2IE                          
0000002c  P2IES                         
0000002b  P2IFG                         
00000028  P2IN                          
00000029  P2OUT                         
0000002f  P2REN                         
0000002e  P2SEL                         
00000042  P2SEL2                        
0000001a  P3DIR                         
00000018  P3IN                          
00000019  P3OUT                         
00000010  P3REN                         
0000001b  P3SEL                         
00000043  P3SEL2                        
00000172  TA0CCR0                       
00000174  TA0CCR1                       
00000176  TA0CCR2                       
00000162  TA0CCTL0                      
00000164  TA0CCTL1                      
00000166  TA0CCTL2                      
00000160  TA0CTL                        
0000012e  TA0IV                         
00000170  TA0R                          
00000192  TA1CCR0                       
00000194  TA1CCR1                       
00000196  TA1CCR2                       
00000182  TA1CCTL0                      
00000184  TA1CCTL1                      
00000186  TA1CCTL2                      
00000180  TA1CTL                        
0000011e  TA1IV                         
00000190  TA1R                          
000010db  TLV_ADC10_1_LEN               
000010da  TLV_ADC10_1_TAG               
000010c0  TLV_CHECKSUM                  
000010f7  TLV_DCO_30_LEN                
000010f6  TLV_DCO_30_TAG                
0000005d  UCA0ABCTL                     
00000062  UCA0BR0                       
00000063  UCA0BR1                       
00000060  UCA0CTL0                      
00000061  UCA0CTL1                      
0000005f  UCA0IRRCTL                    
0000005e  UCA0IRTCTL                    
00000064  UCA0MCTL                      
00000066  UCA0RXBUF                     
00000065  UCA0STAT                      
00000067  UCA0TXBUF                     
0000006a  UCB0BR0                       
0000006b  UCB0BR1                       
00000068  UCB0CTL0                      
00000069  UCB0CTL1                      
0000006c  UCB0I2CIE                     
00000118  UCB0I2COA                     
0000011a  UCB0I2CSA                     
0000006e  UCB0RXBUF                     
0000006d  UCB0STAT                      
0000006f  UCB0TXBUF                     
0000c9b6  USCI0RX_ISR_HOOK              
00000120  WDTCTL                        
00000400  __STACK_END                   
00000050  __STACK_SIZE                  
00000050  __SYSMEM_SIZE                 
0000cdc4  __TI_CINIT_Base               
0000cdcc  __TI_CINIT_Limit              
0000cdcc  __TI_CINIT_Warm               
0000cdba  __TI_Handler_Table_Base       
0000cdc0  __TI_Handler_Table_Limit      
0000cb7a  __TI_ISR_TRAP                 
0000c904  __TI_auto_init_nobinit_nopinit
0000c670  __TI_decompress_lzss          
0000cb38  __TI_decompress_none          
0000ffe0  __TI_int00                    
0000ffe4  __TI_int02                    
0000ffe6  __TI_int03                    
0000ffea  __TI_int05                    
0000ffec  __TI_int06                    
0000ffee  __TI_int07                    
0000fff0  __TI_int08                    
0000fff2  __TI_int09                    
0000fff4  __TI_int10                    
0000fff6  __TI_int11                    
0000fff8  __TI_int12                    
0000fffa  __TI_int13                    
0000fffc  __TI_int14                    
ffffffff  __TI_pprof_out_hndl           
ffffffff  __TI_prof_data_size           
ffffffff  __TI_prof_data_start          
0000cb10  __TI_zero_init_nomemset       
ffffffff  __c_args__                    
0000c7c6  __mspabi_divul                
0000cb68  __mspabi_func_epilog_1        
0000cb66  __mspabi_func_epilog_2        
0000cb64  __mspabi_func_epilog_3        
0000cb62  __mspabi_func_epilog_4        
0000cb60  __mspabi_func_epilog_5        
0000cb5e  __mspabi_func_epilog_6        
0000cb5c  __mspabi_func_epilog_7        
0000ca62  __mspabi_mpyl                 
0000ca62  __mspabi_mpyl_sw              
0000c7c6  __mspabi_remul                
0000c9e6  __mspabi_slli                 
0000ca0e  __mspabi_slli_1               
0000c9fc  __mspabi_slli_10              
0000c9fa  __mspabi_slli_11              
0000c9f8  __mspabi_slli_12              
0000c9f6  __mspabi_slli_13              
0000c9f4  __mspabi_slli_14              
0000c9f2  __mspabi_slli_15              
0000ca0c  __mspabi_slli_2               
0000ca0a  __mspabi_slli_3               
0000ca08  __mspabi_slli_4               
0000ca06  __mspabi_slli_5               
0000ca04  __mspabi_slli_6               
0000ca02  __mspabi_slli_7               
0000ca00  __mspabi_slli_8               
0000c9fe  __mspabi_slli_9               
0000c86e  __mspabi_srli                 
0000c8b4  __mspabi_srli_1               
0000c890  __mspabi_srli_10              
0000c88c  __mspabi_srli_11              
0000c888  __mspabi_srli_12              
0000c884  __mspabi_srli_13              
0000c880  __mspabi_srli_14              
0000c87c  __mspabi_srli_15              
0000c8b0  __mspabi_srli_2               
0000c8ac  __mspabi_srli_3               
0000c8a8  __mspabi_srli_4               
0000c8a4  __mspabi_srli_5               
0000c8a0  __mspabi_srli_6               
0000c89c  __mspabi_srli_7               
0000c898  __mspabi_srli_8               
0000c894  __mspabi_srli_9               
0000caa6  _c_int00_noargs               
0000cb98  _ctypes_                      
00000362  _lock                         
0000cb94  _nop                          
0000fffe  _reset_vector                 
000003b0  _stack                        
00000310  _sys_memory                   
0000cb96  _system_post_cinit            
0000cb90  _system_pre_init              
00000364  _unlock                       
0000cb8a  abort                         
0000c212  aligned_alloc                 
0000c5ee  check_response                
0000030c  decoded_message               
00000366  errno                         
0000c308  free                          
0000c81e  get_id                        
0000c55c  hex_to_string                 
0000ca3a  init_clock                    
0000c946  init_gpio                     
0000ca88  init_p2p                      
0000c8ba  init_sys                      
00000300  local_id                      
0000c3da  main                          
0000cb82  malloc                        
0000c212  memalign                      
0000cb4a  memcpy                        
0000cb24  memset                        
00000200  message                       
0000030e  rxdone                        
0000c6ec  send_at                       
0000c4ac  send_packet                   
0000cade  strcat                        
0000caf8  strcmp                        
0000cb6c  strlen                        
0000c980  strstr                        
0000c000  strtol                        


GLOBAL SYMBOLS: SORTED BY Symbol Address 

address   name                          
-------   ----                          
00000000  IE1                           
00000001  IE2                           
00000002  IFG1                          
00000003  IFG2                          
00000010  P3REN                         
00000018  P3IN                          
00000019  P3OUT                         
0000001a  P3DIR                         
0000001b  P3SEL                         
00000020  P1IN                          
00000021  P1OUT                         
00000022  P1DIR                         
00000023  P1IFG                         
00000024  P1IES                         
00000025  P1IE                          
00000026  P1SEL                         
00000027  P1REN                         
00000028  P2IN                          
00000029  P2OUT                         
0000002a  P2DIR                         
0000002b  P2IFG                         
0000002c  P2IES                         
0000002d  P2IE                          
0000002e  P2SEL                         
0000002f  P2REN                         
00000041  P1SEL2                        
00000042  P2SEL2                        
00000043  P3SEL2                        
00000048  ADC10DTC0                     
00000049  ADC10DTC1                     
0000004a  ADC10AE0                      
00000050  __STACK_SIZE                  
00000050  __SYSMEM_SIZE                 
00000053  BCSCTL3                       
00000056  DCOCTL                        
00000057  BCSCTL1                       
00000058  BCSCTL2                       
00000059  CACTL1                        
0000005a  CACTL2                        
0000005b  CAPD                          
0000005d  UCA0ABCTL                     
0000005e  UCA0IRTCTL                    
0000005f  UCA0IRRCTL                    
00000060  UCA0CTL0                      
00000061  UCA0CTL1                      
00000062  UCA0BR0                       
00000063  UCA0BR1                       
00000064  UCA0MCTL                      
00000065  UCA0STAT                      
00000066  UCA0RXBUF                     
00000067  UCA0TXBUF                     
00000068  UCB0CTL0                      
00000069  UCB0CTL1                      
0000006a  UCB0BR0                       
0000006b  UCB0BR1                       
0000006c  UCB0I2CIE                     
0000006d  UCB0STAT                      
0000006e  UCB0RXBUF                     
0000006f  UCB0TXBUF                     
00000118  UCB0I2COA                     
0000011a  UCB0I2CSA                     
0000011e  TA1IV                         
00000120  WDTCTL                        
00000128  FCTL1                         
0000012a  FCTL2                         
0000012c  FCTL3                         
0000012e  TA0IV                         
00000160  TA0CTL                        
00000162  TA0CCTL0                      
00000164  TA0CCTL1                      
00000166  TA0CCTL2                      
00000170  TA0R                          
00000172  TA0CCR0                       
00000174  TA0CCR1                       
00000176  TA0CCR2                       
00000180  TA1CTL                        
00000182  TA1CCTL0                      
00000184  TA1CCTL1                      
00000186  TA1CCTL2                      
00000190  TA1R                          
00000192  TA1CCR0                       
00000194  TA1CCR1                       
00000196  TA1CCR2                       
000001b0  ADC10CTL0                     
000001b2  ADC10CTL1                     
000001b4  ADC10MEM                      
000001bc  ADC10SA                       
00000200  message                       
00000300  local_id                      
0000030c  decoded_message               
0000030e  rxdone                        
00000310  _sys_memory                   
00000362  _lock                         
00000364  _unlock                       
00000366  errno                         
000003b0  _stack                        
00000400  __STACK_END                   
000010c0  TLV_CHECKSUM                  
000010da  TLV_ADC10_1_TAG               
000010db  TLV_ADC10_1_LEN               
000010f6  TLV_DCO_30_TAG                
000010f7  TLV_DCO_30_LEN                
000010f8  CALDCO_16MHZ                  
000010f9  CALBC1_16MHZ                  
000010fa  CALDCO_12MHZ                  
000010fb  CALBC1_12MHZ                  
000010fc  CALDCO_8MHZ                   
000010fd  CALBC1_8MHZ                   
000010fe  CALDCO_1MHZ                   
000010ff  CALBC1_1MHZ                   
0000c000  strtol                        
0000c212  aligned_alloc                 
0000c212  memalign                      
0000c308  free                          
0000c3da  main                          
0000c4ac  send_packet                   
0000c55c  hex_to_string                 
0000c5ee  check_response                
0000c670  __TI_decompress_lzss          
0000c6ec  send_at                       
0000c7c6  __mspabi_divul                
0000c7c6  __mspabi_remul                
0000c81e  get_id                        
0000c86e  __mspabi_srli                 
0000c87c  __mspabi_srli_15              
0000c880  __mspabi_srli_14              
0000c884  __mspabi_srli_13              
0000c888  __mspabi_srli_12              
0000c88c  __mspabi_srli_11              
0000c890  __mspabi_srli_10              
0000c894  __mspabi_srli_9               
0000c898  __mspabi_srli_8               
0000c89c  __mspabi_srli_7               
0000c8a0  __mspabi_srli_6               
0000c8a4  __mspabi_srli_5               
0000c8a8  __mspabi_srli_4               
0000c8ac  __mspabi_srli_3               
0000c8b0  __mspabi_srli_2               
0000c8b4  __mspabi_srli_1               
0000c8ba  init_sys                      
0000c904  __TI_auto_init_nobinit_nopinit
0000c946  init_gpio                     
0000c980  strstr                        
0000c9b6  USCI0RX_ISR_HOOK              
0000c9e6  __mspabi_slli                 
0000c9f2  __mspabi_slli_15              
0000c9f4  __mspabi_slli_14              
0000c9f6  __mspabi_slli_13              
0000c9f8  __mspabi_slli_12              
0000c9fa  __mspabi_slli_11              
0000c9fc  __mspabi_slli_10              
0000c9fe  __mspabi_slli_9               
0000ca00  __mspabi_slli_8               
0000ca02  __mspabi_slli_7               
0000ca04  __mspabi_slli_6               
0000ca06  __mspabi_slli_5               
0000ca08  __mspabi_slli_4               
0000ca0a  __mspabi_slli_3               
0000ca0c  __mspabi_slli_2               
0000ca0e  __mspabi_slli_1               
0000ca3a  init_clock                    
0000ca62  __mspabi_mpyl                 
0000ca62  __mspabi_mpyl_sw              
0000ca88  init_p2p                      
0000caa6  _c_int00_noargs               
0000cade  strcat                        
0000caf8  strcmp                        
0000cb10  __TI_zero_init_nomemset       
0000cb24  memset                        
0000cb38  __TI_decompress_none          
0000cb4a  memcpy                        
0000cb5c  __mspabi_func_epilog_7        
0000cb5e  __mspabi_func_epilog_6        
0000cb60  __mspabi_func_epilog_5        
0000cb62  __mspabi_func_epilog_4        
0000cb64  __mspabi_func_epilog_3        
0000cb66  __mspabi_func_epilog_2        
0000cb68  __mspabi_func_epilog_1        
0000cb6c  strlen                        
0000cb7a  __TI_ISR_TRAP                 
0000cb82  malloc                        
0000cb8a  C$$EXIT                       
0000cb8a  abort                         
0000cb90  _system_pre_init              
0000cb94  _nop                          
0000cb96  _system_post_cinit            
0000cb98  _ctypes_                      
0000cdba  __TI_Handler_Table_Base       
0000cdc0  __TI_Handler_Table_Limit      
0000cdc4  __TI_CINIT_Base               
0000cdcc  __TI_CINIT_Limit              
0000cdcc  __TI_CINIT_Warm               
0000ffe0  __TI_int00                    
0000ffe4  __TI_int02                    
0000ffe6  __TI_int03                    
0000ffea  __TI_int05                    
0000ffec  __TI_int06                    
0000ffee  __TI_int07                    
0000fff0  __TI_int08                    
0000fff2  __TI_int09                    
0000fff4  __TI_int10                    
0000fff6  __TI_int11                    
0000fff8  __TI_int12                    
0000fffa  __TI_int13                    
0000fffc  __TI_int14                    
0000fffe  _reset_vector                 
ffffffff  __TI_pprof_out_hndl           
ffffffff  __TI_prof_data_size           
ffffffff  __TI_prof_data_start          
ffffffff  __c_args__                    

[210 symbols]
