******************************************************************************
                  MSP430 Linker PC v21.6.1                     
******************************************************************************
>> Linked Fri Jul  4 20:44:27 2025

OUTPUT FILE NAME:   <P2P_TX_RX.out>
ENTRY POINT SYMBOL: "_c_int00_noargs"  address: 0000ce40


MEMORY CONFIGURATION

         name            origin    length      used     unused   attr    fill
----------------------  --------  ---------  --------  --------  ----  --------
  SFR                   00000000   00000010  00000000  00000010  RWIX
  PERIPHERALS_8BIT      00000010   000000f0  00000000  000000f0  RWIX
  PERIPHERALS_16BIT     00000100   00000100  00000000  00000100  RWIX
  RAM                   00000200   00000200  000001b9  00000047  RWIX
  INFOD                 00001000   00000040  00000000  00000040  RWIX
  INFOC                 00001040   00000040  00000000  00000040  RWIX
  INFOB                 00001080   00000040  00000000  00000040  RWIX
  INFOA                 000010c0   00000040  00000000  00000040  RWIX
  FLASH                 0000c000   00003fde  00001168  00002e76  RWIX
  BSLSIGNATURE          0000ffde   00000002  00000002  00000000  RWIX  ffff 
  INT00                 0000ffe0   00000002  00000002  00000000  RWIX
  INT01                 0000ffe2   00000002  00000000  00000002  RWIX
  INT02                 0000ffe4   00000002  00000002  00000000  RWIX
  INT03                 0000ffe6   00000002  00000002  00000000  RWIX
  INT04                 0000ffe8   00000002  00000000  00000002  RWIX
  INT05                 0000ffea   00000002  00000002  00000000  RWIX
  INT06                 0000ffec   00000002  00000002  00000000  RWIX
  INT07                 0000ffee   00000002  00000002  00000000  RWIX
  INT08                 0000fff0   00000002  00000002  00000000  RWIX
  INT09                 0000fff2   00000002  00000002  00000000  RWIX
  INT10                 0000fff4   00000002  00000002  00000000  RWIX
  INT11                 0000fff6   00000002  00000002  00000000  RWIX
  INT12                 0000fff8   00000002  00000002  00000000  RWIX
  INT13                 0000fffa   00000002  00000002  00000000  RWIX
  INT14                 0000fffc   00000002  00000002  00000000  RWIX
  RESET                 0000fffe   00000002  00000002  00000000  RWIX


SECTION ALLOCATION MAP

 output                                  attributes/
section   page    origin      length       input sections
--------  ----  ----------  ----------   ----------------
.bss       0    00000200    0000010f     UNINITIALIZED
                  00000200    00000100     (.common:message)
                  00000300    0000000a     (.common:local_id)
                  0000030a    00000002     rts430_eabi.lib : memory.c.obj (.bss)
                  0000030c    00000002     (.common:decoded_message)
                  0000030e    00000001     (.common:rxdone)

.data      0    00000360    0000000a     UNINITIALIZED
                  00000360    00000002     LoRa_P2P.obj (.data)
                  00000362    00000002     rts430_eabi.lib : _lock.c.obj (.data:_lock)
                  00000364    00000002                     : _lock.c.obj (.data:_unlock)
                  00000366    00000002                     : errno.c.obj (.data)
                  00000368    00000002                     : memory.c.obj (.data)

.sysmem    0    00000310    00000050     UNINITIALIZED
                  00000310    00000008     rts430_eabi.lib : memory.c.obj (.sysmem)
                  00000318    00000048     --HOLE--

.stack     0    000003b0    00000050     UNINITIALIZED
                  000003b0    00000002     rts430_eabi.lib : boot.c.obj (.stack)
                  000003b2    0000004e     --HOLE--

.text      0    0000c000    00000f4c     
                  0000c000    00000212     rts430_eabi.lib : strtol.c.obj (.text:strtol)
                  0000c212    0000013c     LoRa_P2P.obj (.text:get_temp)
                  0000c34e    000000f6     rts430_eabi.lib : memory.c.obj (.text:aligned_alloc)
                  0000c444    000000e6     LoRa_P2P.obj (.text:generate_response)
                  0000c52a    000000d2     rts430_eabi.lib : memory.c.obj (.text:free)
                  0000c5fc    000000be     LoRa_P2P.obj (.text:send_packet)
                  0000c6ba    000000a0     ds18b20.obj (.text:ds18b20_get_temp)
                  0000c75a    00000092     LoRa_P2P.obj (.text:hex_to_string)
                  0000c7ec    0000007e     ds18b20.obj (.text:ds18b20_write_bit)
                  0000c86a    0000007c     rts430_eabi.lib : copy_decompress_lzss.c.obj (.text:decompress:lzss:__TI_decompress_lzss)
                  0000c8e6    0000007a     LoRa_P2P.obj (.text:wait_packet)
                  0000c960    00000072     LoRa_P2P.obj (.text:send_at)
                  0000c9d2    0000006a     ds18b20.obj (.text:ds18b20_reset)
                  0000ca3c    00000068     rts430_eabi.lib : memory.c.obj (.text:split)
                  0000caa4    00000058                     : div32u.asm.obj (.text)
                  0000cafc    00000054     sys_setup.obj (.text:init_sys)
                  0000cb50    00000050     LoRa_P2P.obj (.text:get_id)
                  0000cba0    0000004c     ds18b20.obj (.text:ds18b20_read_bit)
                  0000cbec    0000004c     rts430_eabi.lib : lsr16.asm.obj (.text)
                  0000cc38    00000042                     : autoinit.c.obj (.text:__TI_auto_init_nobinit_nopinit:__TI_auto_init_nobinit_nopinit)
                  0000cc7a    00000040                     : div32s.asm.obj (.text)
                  0000ccba    0000003e     sys_setup.obj (.text:init_gpio)
                  0000ccf8    00000036     rts430_eabi.lib : strstr.c.obj (.text:strstr)
                  0000cd2e    00000030     LoRa_P2P.obj (.text:USCI0RX_ISR_HOOK)
                  0000cd5e    0000002c     rts430_eabi.lib : lsl16.asm.obj (.text)
                  0000cd8a    00000028                     : memory.c.obj (.text:free_list_insert)
                  0000cdb2    00000028     sys_setup.obj (.text:init_clock)
                  0000cdda    00000026     rts430_eabi.lib : mult32.asm.obj (.text)
                  0000ce00    00000022     main.obj (.text:main)
                  0000ce22    0000001e     LoRa_P2P.obj (.text:init_p2p)
                  0000ce40    0000001c     rts430_eabi.lib : boot.c.obj (.text:_c_int00_noargs)
                  0000ce5c    0000001c                     : memory.c.obj (.text:free_list_remove)
                  0000ce78    0000001a     ds18b20.obj (.text:ds18b20_init_pins)
                  0000ce92    0000001a     rts430_eabi.lib : strcat.c.obj (.text:strcat)
                  0000ceac    00000018                     : strcmp.c.obj (.text:strcmp)
                  0000cec4    00000014                     : copy_zero_init.c.obj (.text:decompress:ZI:__TI_zero_init_nomemset:__TI_zero_init_nomemset)
                  0000ced8    00000014                     : memset.c.obj (.text:memset)
                  0000ceec    00000012                     : copy_decompress_none.c.obj (.text:decompress:none:__TI_decompress_none)
                  0000cefe    00000012                     : memcpy.c.obj (.text:memcpy)
                  0000cf10    00000010                     : epilog.asm.obj (.text)
                  0000cf20    0000000e                     : strlen.c.obj (.text:strlen)
                  0000cf2e    00000008                     : isr_trap.asm.obj (.text:_isr:__TI_ISR_TRAP)
                  0000cf36    00000008                     : memory.c.obj (.text:malloc)
                  0000cf3e    00000006                     : exit.c.obj (.text:abort)
                  0000cf44    00000004                     : pre_init.c.obj (.text:_system_pre_init)
                  0000cf48    00000002                     : _lock.c.obj (.text:_nop)
                  0000cf4a    00000002                     : startup.c.obj (.text:_system_post_cinit)

.const     0    0000cf4c    000001fc     
                  0000cf4c    00000101     rts430_eabi.lib : ctype.c.obj (.const:.string:_ctypes_)
                  0000d04d    00000001     --HOLE-- [fill = 0]
                  0000d04e    000000f0     LoRa_P2P.obj (.const:.string)
                  0000d13e    0000000a     main.obj (.const:.string)

.cinit     0    0000d148    00000020     
                  0000d148    0000000e     (.cinit..data.load) [load image]
                  0000d156    00000006     (__TI_handler_table)
                  0000d15c    00000004     (.cinit..bss.load) [load image, compression = zero_init]
                  0000d160    00000008     (__TI_cinit_table)

.binit     0    0000c000    00000000     

.init_array 
*          0    0000c000    00000000     UNINITIALIZED

TRAPINT    0    0000ffe0    00000002     
                  0000ffe0    00000002     rts430_eabi.lib : int00.asm.obj (.int00)

PORT1      0    0000ffe4    00000002     
                  0000ffe4    00000002     rts430_eabi.lib : int02.asm.obj (.int02)

PORT2      0    0000ffe6    00000002     
                  0000ffe6    00000002     rts430_eabi.lib : int03.asm.obj (.int03)

ADC10      0    0000ffea    00000002     
                  0000ffea    00000002     rts430_eabi.lib : int05.asm.obj (.int05)

USCIAB0TX 
*          0    0000ffec    00000002     
                  0000ffec    00000002     rts430_eabi.lib : int06.asm.obj (.int06)

USCIAB0RX 
*          0    0000ffee    00000002     
                  0000ffee    00000002     LoRa_P2P.obj (.int07)

TIMER0_A1 
*          0    0000fff0    00000002     
                  0000fff0    00000002     rts430_eabi.lib : int08.asm.obj (.int08)

TIMER0_A0 
*          0    0000fff2    00000002     
                  0000fff2    00000002     rts430_eabi.lib : int09.asm.obj (.int09)

WDT        0    0000fff4    00000002     
                  0000fff4    00000002     rts430_eabi.lib : int10.asm.obj (.int10)

COMPARATORA 
*          0    0000fff6    00000002     
                  0000fff6    00000002     rts430_eabi.lib : int11.asm.obj (.int11)

TIMER1_A1 
*          0    0000fff8    00000002     
                  0000fff8    00000002     rts430_eabi.lib : int12.asm.obj (.int12)

TIMER1_A0 
*          0    0000fffa    00000002     
                  0000fffa    00000002     rts430_eabi.lib : int13.asm.obj (.int13)

NMI        0    0000fffc    00000002     
                  0000fffc    00000002     rts430_eabi.lib : int14.asm.obj (.int14)

.reset     0    0000fffe    00000002     
                  0000fffe    00000002     rts430_eabi.lib : boot.c.obj (.reset)

$fill000   0    0000ffde    00000002     
                  0000ffde    00000002     --HOLE-- [fill = ffff]

MODULE SUMMARY

       Module                       code   ro data   rw data
       ------                       ----   -------   -------
    .\
       LoRa_P2P.obj                 1276   242       271    
       ds18b20.obj                  494    0         0      
       sys_setup.obj                186    0         0      
       main.obj                     34     10        0      
    +--+----------------------------+------+---------+---------+
       Total:                       1990   252       271    
                                                            
    D:\ti\ccs2011\ccs\tools\compiler\ti-cgt-msp430_21.6.1.LTS\lib\rts430_eabi.lib
       memory.c.obj                 636    0         4      
       strtol.c.obj                 530    0         0      
       ctype.c.obj                  0      257       0      
       copy_decompress_lzss.c.obj   124    0         0      
       div32u.asm.obj               88     0         0      
       lsr16.asm.obj                76     0         0      
       autoinit.c.obj               66     0         0      
       div32s.asm.obj               64     0         0      
       strstr.c.obj                 54     0         0      
       lsl16.asm.obj                44     0         0      
       mult32.asm.obj               38     0         0      
       boot.c.obj                   28     2         0      
       strcat.c.obj                 26     0         0      
       strcmp.c.obj                 24     0         0      
       copy_zero_init.c.obj         20     0         0      
       memset.c.obj                 20     0         0      
       copy_decompress_none.c.obj   18     0         0      
       memcpy.c.obj                 18     0         0      
       epilog.asm.obj               16     0         0      
       strlen.c.obj                 14     0         0      
       isr_trap.asm.obj             8      0         0      
       _lock.c.obj                  2      0         4      
       exit.c.obj                   6      0         0      
       pre_init.c.obj               4      0         0      
       errno.c.obj                  0      0         2      
       int00.asm.obj                0      2         0      
       int02.asm.obj                0      2         0      
       int03.asm.obj                0      2         0      
       int05.asm.obj                0      2         0      
       int06.asm.obj                0      2         0      
       int08.asm.obj                0      2         0      
       int09.asm.obj                0      2         0      
       int10.asm.obj                0      2         0      
       int11.asm.obj                0      2         0      
       int12.asm.obj                0      2         0      
       int13.asm.obj                0      2         0      
       int14.asm.obj                0      2         0      
       startup.c.obj                2      0         0      
    +--+----------------------------+------+---------+---------+
       Total:                       1926   283       10     
                                                            
       Heap:                        0      0         80     
       Stack:                       0      0         80     
       Linker Generated:            0      32        0      
    +--+----------------------------+------+---------+---------+
       Grand Total:                 3916   567       441    


LINKER GENERATED COPY TABLES

__TI_cinit_table @ 0000d160 records: 2, size/record: 4, table size: 8
	.data: load addr=0000d148, load size=0000000e bytes, run addr=00000360, run size=0000000a bytes, compression=copy
	.bss: load addr=0000d15c, load size=00000004 bytes, run addr=00000200, run size=0000010f bytes, compression=zero_init


LINKER GENERATED HANDLER TABLE

__TI_handler_table @ 0000d156 records: 3, size/record: 2, table size: 6
	index: 0, handler: __TI_zero_init
	index: 1, handler: __TI_decompress_lzss
	index: 2, handler: __TI_decompress_none


GLOBAL SYMBOLS: SORTED ALPHABETICALLY BY Name 

address   name                          
-------   ----                          
0000004a  ADC10AE0                      
000001b0  ADC10CTL0                     
000001b2  ADC10CTL1                     
00000048  ADC10DTC0                     
00000049  ADC10DTC1                     
000001b4  ADC10MEM                      
000001bc  ADC10SA                       
00000057  BCSCTL1                       
00000058  BCSCTL2                       
00000053  BCSCTL3                       
0000cf3e  C$$EXIT                       
00000059  CACTL1                        
0000005a  CACTL2                        
000010fb  CALBC1_12MHZ                  
000010f9  CALBC1_16MHZ                  
000010ff  CALBC1_1MHZ                   
000010fd  CALBC1_8MHZ                   
000010fa  CALDCO_12MHZ                  
000010f8  CALDCO_16MHZ                  
000010fe  CALDCO_1MHZ                   
000010fc  CALDCO_8MHZ                   
0000005b  CAPD                          
00000056  DCOCTL                        
00000128  FCTL1                         
0000012a  FCTL2                         
0000012c  FCTL3                         
00000000  IE1                           
00000001  IE2                           
00000002  IFG1                          
00000003  IFG2                          
00000022  P1DIR                         
00000025  P1IE                          
00000024  P1IES                         
00000023  P1IFG                         
00000020  P1IN                          
00000021  P1OUT                         
00000027  P1REN                         
00000026  P1SEL                         
00000041  P1SEL2                        
0000002a  P2DIR                         
0000002d  P2IE                          
0000002c  P2IES                         
0000002b  P2IFG                         
00000028  P2IN                          
00000029  P2OUT                         
0000002f  P2REN                         
0000002e  P2SEL                         
00000042  P2SEL2                        
0000001a  P3DIR                         
00000018  P3IN                          
00000019  P3OUT                         
00000010  P3REN                         
0000001b  P3SEL                         
00000043  P3SEL2                        
00000172  TA0CCR0                       
00000174  TA0CCR1                       
00000176  TA0CCR2                       
00000162  TA0CCTL0                      
00000164  TA0CCTL1                      
00000166  TA0CCTL2                      
00000160  TA0CTL                        
0000012e  TA0IV                         
00000170  TA0R                          
00000192  TA1CCR0                       
00000194  TA1CCR1                       
00000196  TA1CCR2                       
00000182  TA1CCTL0                      
00000184  TA1CCTL1                      
00000186  TA1CCTL2                      
00000180  TA1CTL                        
0000011e  TA1IV                         
00000190  TA1R                          
000010db  TLV_ADC10_1_LEN               
000010da  TLV_ADC10_1_TAG               
000010c0  TLV_CHECKSUM                  
000010f7  TLV_DCO_30_LEN                
000010f6  TLV_DCO_30_TAG                
0000005d  UCA0ABCTL                     
00000062  UCA0BR0                       
00000063  UCA0BR1                       
00000060  UCA0CTL0                      
00000061  UCA0CTL1                      
0000005f  UCA0IRRCTL                    
0000005e  UCA0IRTCTL                    
00000064  UCA0MCTL                      
00000066  UCA0RXBUF                     
00000065  UCA0STAT                      
00000067  UCA0TXBUF                     
0000006a  UCB0BR0                       
0000006b  UCB0BR1                       
00000068  UCB0CTL0                      
00000069  UCB0CTL1                      
0000006c  UCB0I2CIE                     
00000118  UCB0I2COA                     
0000011a  UCB0I2CSA                     
0000006e  UCB0RXBUF                     
0000006d  UCB0STAT                      
0000006f  UCB0TXBUF                     
0000cd2e  USCI0RX_ISR_HOOK              
00000120  WDTCTL                        
00000400  __STACK_END                   
00000050  __STACK_SIZE                  
00000050  __SYSMEM_SIZE                 
0000d160  __TI_CINIT_Base               
0000d168  __TI_CINIT_Limit              
0000d168  __TI_CINIT_Warm               
0000d156  __TI_Handler_Table_Base       
0000d15c  __TI_Handler_Table_Limit      
0000cf2e  __TI_ISR_TRAP                 
0000cc38  __TI_auto_init_nobinit_nopinit
0000c86a  __TI_decompress_lzss          
0000ceec  __TI_decompress_none          
0000ffe0  __TI_int00                    
0000ffe4  __TI_int02                    
0000ffe6  __TI_int03                    
0000ffea  __TI_int05                    
0000ffec  __TI_int06                    
0000ffee  __TI_int07                    
0000fff0  __TI_int08                    
0000fff2  __TI_int09                    
0000fff4  __TI_int10                    
0000fff6  __TI_int11                    
0000fff8  __TI_int12                    
0000fffa  __TI_int13                    
0000fffc  __TI_int14                    
ffffffff  __TI_pprof_out_hndl           
ffffffff  __TI_prof_data_size           
ffffffff  __TI_prof_data_start          
0000cec4  __TI_zero_init_nomemset       
ffffffff  __c_args__                    
0000cc7a  __mspabi_divli                
0000caa4  __mspabi_divul                
0000cf1c  __mspabi_func_epilog_1        
0000cf1a  __mspabi_func_epilog_2        
0000cf18  __mspabi_func_epilog_3        
0000cf16  __mspabi_func_epilog_4        
0000cf14  __mspabi_func_epilog_5        
0000cf12  __mspabi_func_epilog_6        
0000cf10  __mspabi_func_epilog_7        
0000cdda  __mspabi_mpyl                 
0000cdda  __mspabi_mpyl_sw              
0000cc7a  __mspabi_remli                
0000caa4  __mspabi_remul                
0000cd5e  __mspabi_slli                 
0000cd86  __mspabi_slli_1               
0000cd74  __mspabi_slli_10              
0000cd72  __mspabi_slli_11              
0000cd70  __mspabi_slli_12              
0000cd6e  __mspabi_slli_13              
0000cd6c  __mspabi_slli_14              
0000cd6a  __mspabi_slli_15              
0000cd84  __mspabi_slli_2               
0000cd82  __mspabi_slli_3               
0000cd80  __mspabi_slli_4               
0000cd7e  __mspabi_slli_5               
0000cd7c  __mspabi_slli_6               
0000cd7a  __mspabi_slli_7               
0000cd78  __mspabi_slli_8               
0000cd76  __mspabi_slli_9               
0000cbec  __mspabi_srli                 
0000cc32  __mspabi_srli_1               
0000cc0e  __mspabi_srli_10              
0000cc0a  __mspabi_srli_11              
0000cc06  __mspabi_srli_12              
0000cc02  __mspabi_srli_13              
0000cbfe  __mspabi_srli_14              
0000cbfa  __mspabi_srli_15              
0000cc2e  __mspabi_srli_2               
0000cc2a  __mspabi_srli_3               
0000cc26  __mspabi_srli_4               
0000cc22  __mspabi_srli_5               
0000cc1e  __mspabi_srli_6               
0000cc1a  __mspabi_srli_7               
0000cc16  __mspabi_srli_8               
0000cc12  __mspabi_srli_9               
0000ce40  _c_int00_noargs               
0000cf4c  _ctypes_                      
00000362  _lock                         
0000cf48  _nop                          
0000fffe  _reset_vector                 
000003b0  _stack                        
00000310  _sys_memory                   
0000cf4a  _system_post_cinit            
0000cf44  _system_pre_init              
00000364  _unlock                       
0000cf3e  abort                         
0000c34e  aligned_alloc                 
0000030c  decoded_message               
0000c6ba  ds18b20_get_temp              
0000ce78  ds18b20_init_pins             
0000cba0  ds18b20_read_bit              
0000c9d2  ds18b20_reset                 
0000c7ec  ds18b20_write_bit             
00000366  errno                         
0000c52a  free                          
0000c444  generate_response             
0000cb50  get_id                        
0000c212  get_temp                      
0000c75a  hex_to_string                 
0000cdb2  init_clock                    
0000ccba  init_gpio                     
0000ce22  init_p2p                      
0000cafc  init_sys                      
00000300  local_id                      
0000ce00  main                          
0000cf36  malloc                        
0000c34e  memalign                      
0000cefe  memcpy                        
0000ced8  memset                        
00000200  message                       
0000030e  rxdone                        
0000c960  send_at                       
0000c5fc  send_packet                   
0000ce92  strcat                        
0000ceac  strcmp                        
0000cf20  strlen                        
0000ccf8  strstr                        
0000c000  strtol                        
0000c8e6  wait_packet                   


GLOBAL SYMBOLS: SORTED BY Symbol Address 

address   name                          
-------   ----                          
00000000  IE1                           
00000001  IE2                           
00000002  IFG1                          
00000003  IFG2                          
00000010  P3REN                         
00000018  P3IN                          
00000019  P3OUT                         
0000001a  P3DIR                         
0000001b  P3SEL                         
00000020  P1IN                          
00000021  P1OUT                         
00000022  P1DIR                         
00000023  P1IFG                         
00000024  P1IES                         
00000025  P1IE                          
00000026  P1SEL                         
00000027  P1REN                         
00000028  P2IN                          
00000029  P2OUT                         
0000002a  P2DIR                         
0000002b  P2IFG                         
0000002c  P2IES                         
0000002d  P2IE                          
0000002e  P2SEL                         
0000002f  P2REN                         
00000041  P1SEL2                        
00000042  P2SEL2                        
00000043  P3SEL2                        
00000048  ADC10DTC0                     
00000049  ADC10DTC1                     
0000004a  ADC10AE0                      
00000050  __STACK_SIZE                  
00000050  __SYSMEM_SIZE                 
00000053  BCSCTL3                       
00000056  DCOCTL                        
00000057  BCSCTL1                       
00000058  BCSCTL2                       
00000059  CACTL1                        
0000005a  CACTL2                        
0000005b  CAPD                          
0000005d  UCA0ABCTL                     
0000005e  UCA0IRTCTL                    
0000005f  UCA0IRRCTL                    
00000060  UCA0CTL0                      
00000061  UCA0CTL1                      
00000062  UCA0BR0                       
00000063  UCA0BR1                       
00000064  UCA0MCTL                      
00000065  UCA0STAT                      
00000066  UCA0RXBUF                     
00000067  UCA0TXBUF                     
00000068  UCB0CTL0                      
00000069  UCB0CTL1                      
0000006a  UCB0BR0                       
0000006b  UCB0BR1                       
0000006c  UCB0I2CIE                     
0000006d  UCB0STAT                      
0000006e  UCB0RXBUF                     
0000006f  UCB0TXBUF                     
00000118  UCB0I2COA                     
0000011a  UCB0I2CSA                     
0000011e  TA1IV                         
00000120  WDTCTL                        
00000128  FCTL1                         
0000012a  FCTL2                         
0000012c  FCTL3                         
0000012e  TA0IV                         
00000160  TA0CTL                        
00000162  TA0CCTL0                      
00000164  TA0CCTL1                      
00000166  TA0CCTL2                      
00000170  TA0R                          
00000172  TA0CCR0                       
00000174  TA0CCR1                       
00000176  TA0CCR2                       
00000180  TA1CTL                        
00000182  TA1CCTL0                      
00000184  TA1CCTL1                      
00000186  TA1CCTL2                      
00000190  TA1R                          
00000192  TA1CCR0                       
00000194  TA1CCR1                       
00000196  TA1CCR2                       
000001b0  ADC10CTL0                     
000001b2  ADC10CTL1                     
000001b4  ADC10MEM                      
000001bc  ADC10SA                       
00000200  message                       
00000300  local_id                      
0000030c  decoded_message               
0000030e  rxdone                        
00000310  _sys_memory                   
00000362  _lock                         
00000364  _unlock                       
00000366  errno                         
000003b0  _stack                        
00000400  __STACK_END                   
000010c0  TLV_CHECKSUM                  
000010da  TLV_ADC10_1_TAG               
000010db  TLV_ADC10_1_LEN               
000010f6  TLV_DCO_30_TAG                
000010f7  TLV_DCO_30_LEN                
000010f8  CALDCO_16MHZ                  
000010f9  CALBC1_16MHZ                  
000010fa  CALDCO_12MHZ                  
000010fb  CALBC1_12MHZ                  
000010fc  CALDCO_8MHZ                   
000010fd  CALBC1_8MHZ                   
000010fe  CALDCO_1MHZ                   
000010ff  CALBC1_1MHZ                   
0000c000  strtol                        
0000c212  get_temp                      
0000c34e  aligned_alloc                 
0000c34e  memalign                      
0000c444  generate_response             
0000c52a  free                          
0000c5fc  send_packet                   
0000c6ba  ds18b20_get_temp              
0000c75a  hex_to_string                 
0000c7ec  ds18b20_write_bit             
0000c86a  __TI_decompress_lzss          
0000c8e6  wait_packet                   
0000c960  send_at                       
0000c9d2  ds18b20_reset                 
0000caa4  __mspabi_divul                
0000caa4  __mspabi_remul                
0000cafc  init_sys                      
0000cb50  get_id                        
0000cba0  ds18b20_read_bit              
0000cbec  __mspabi_srli                 
0000cbfa  __mspabi_srli_15              
0000cbfe  __mspabi_srli_14              
0000cc02  __mspabi_srli_13              
0000cc06  __mspabi_srli_12              
0000cc0a  __mspabi_srli_11              
0000cc0e  __mspabi_srli_10              
0000cc12  __mspabi_srli_9               
0000cc16  __mspabi_srli_8               
0000cc1a  __mspabi_srli_7               
0000cc1e  __mspabi_srli_6               
0000cc22  __mspabi_srli_5               
0000cc26  __mspabi_srli_4               
0000cc2a  __mspabi_srli_3               
0000cc2e  __mspabi_srli_2               
0000cc32  __mspabi_srli_1               
0000cc38  __TI_auto_init_nobinit_nopinit
0000cc7a  __mspabi_divli                
0000cc7a  __mspabi_remli                
0000ccba  init_gpio                     
0000ccf8  strstr                        
0000cd2e  USCI0RX_ISR_HOOK              
0000cd5e  __mspabi_slli                 
0000cd6a  __mspabi_slli_15              
0000cd6c  __mspabi_slli_14              
0000cd6e  __mspabi_slli_13              
0000cd70  __mspabi_slli_12              
0000cd72  __mspabi_slli_11              
0000cd74  __mspabi_slli_10              
0000cd76  __mspabi_slli_9               
0000cd78  __mspabi_slli_8               
0000cd7a  __mspabi_slli_7               
0000cd7c  __mspabi_slli_6               
0000cd7e  __mspabi_slli_5               
0000cd80  __mspabi_slli_4               
0000cd82  __mspabi_slli_3               
0000cd84  __mspabi_slli_2               
0000cd86  __mspabi_slli_1               
0000cdb2  init_clock                    
0000cdda  __mspabi_mpyl                 
0000cdda  __mspabi_mpyl_sw              
0000ce00  main                          
0000ce22  init_p2p                      
0000ce40  _c_int00_noargs               
0000ce78  ds18b20_init_pins             
0000ce92  strcat                        
0000ceac  strcmp                        
0000cec4  __TI_zero_init_nomemset       
0000ced8  memset                        
0000ceec  __TI_decompress_none          
0000cefe  memcpy                        
0000cf10  __mspabi_func_epilog_7        
0000cf12  __mspabi_func_epilog_6        
0000cf14  __mspabi_func_epilog_5        
0000cf16  __mspabi_func_epilog_4        
0000cf18  __mspabi_func_epilog_3        
0000cf1a  __mspabi_func_epilog_2        
0000cf1c  __mspabi_func_epilog_1        
0000cf20  strlen                        
0000cf2e  __TI_ISR_TRAP                 
0000cf36  malloc                        
0000cf3e  C$$EXIT                       
0000cf3e  abort                         
0000cf44  _system_pre_init              
0000cf48  _nop                          
0000cf4a  _system_post_cinit            
0000cf4c  _ctypes_                      
0000d156  __TI_Handler_Table_Base       
0000d15c  __TI_Handler_Table_Limit      
0000d160  __TI_CINIT_Base               
0000d168  __TI_CINIT_Limit              
0000d168  __TI_CINIT_Warm               
0000ffe0  __TI_int00                    
0000ffe4  __TI_int02                    
0000ffe6  __TI_int03                    
0000ffea  __TI_int05                    
0000ffec  __TI_int06                    
0000ffee  __TI_int07                    
0000fff0  __TI_int08                    
0000fff2  __TI_int09                    
0000fff4  __TI_int10                    
0000fff6  __TI_int11                    
0000fff8  __TI_int12                    
0000fffa  __TI_int13                    
0000fffc  __TI_int14                    
0000fffe  _reset_vector                 
ffffffff  __TI_pprof_out_hndl           
ffffffff  __TI_prof_data_size           
ffffffff  __TI_prof_data_start          
ffffffff  __c_args__                    

[219 symbols]
